  IMA -- Fichier ./src/test/deca/codegen/virgile/ops/op3.ass introuvable
