  ** IMA ** ERREUR ** Ligne 6 : 
    ADD avec op1 : flottant et op2 : entier
