  ** IMA ** ERREUR ** Ligne 8 : 
    WFLOAT avec R1 entier
