  IMA -- Fichier ./src/test/deca/codegen/invalid/addFloatIntoInt.ass introuvable
