  IMA -- Fichier ./src/test/deca/codegen/perf/provided/ln2.ass introuvable
