  IMA -- Fichier ./src/test/deca/codegen/perf/provided/ln2_fct.ass introuvable
