  IMA -- Fichier ./src/test/deca/codegen/perf/provided/syracuse42.ass introuvable
